gcc -c -o ammp.o       -DSPEC_CPU2000     -O3    ammp.c
gcc -c -o box.o       -DSPEC_CPU2000     -O3    box.c
gcc -c -o eval.o       -DSPEC_CPU2000     -O3    eval.c
gcc -c -o analyze.o       -DSPEC_CPU2000     -O3    analyze.c
gcc -c -o anonbon.o       -DSPEC_CPU2000     -O3    anonbon.c
gcc -c -o noel.o       -DSPEC_CPU2000     -O3    noel.c
gcc -c -o animate.o       -DSPEC_CPU2000     -O3    animate.c
gcc -c -o atoms.o       -DSPEC_CPU2000     -O3    atoms.c
gcc -c -o bonds.o       -DSPEC_CPU2000     -O3    bonds.c
gcc -c -o angle.o       -DSPEC_CPU2000     -O3    angle.c
gcc -c -o gsdg.o       -DSPEC_CPU2000     -O3    gsdg.c
gcc -c -o hybrid.o       -DSPEC_CPU2000     -O3    hybrid.c
gcc -c -o unonbon.o       -DSPEC_CPU2000     -O3    unonbon.c
gcc -c -o rectmm.o       -DSPEC_CPU2000     -O3    rectmm.c
gcc -c -o vnonbon.o       -DSPEC_CPU2000     -O3    vnonbon.c
gcc -c -o tgroup.o       -DSPEC_CPU2000     -O3    tgroup.c
gcc -c -o tset.o       -DSPEC_CPU2000     -O3    tset.c
gcc -c -o tailor.o       -DSPEC_CPU2000     -O3    tailor.c
gcc -c -o torsion.o       -DSPEC_CPU2000     -O3    torsion.c
gcc -c -o optimist.o       -DSPEC_CPU2000     -O3    optimist.c
gcc -c -o variable.o       -DSPEC_CPU2000     -O3    variable.c
gcc -c -o math.o       -DSPEC_CPU2000     -O3    math.c
gcc -c -o mom.o       -DSPEC_CPU2000     -O3    mom.c
gcc -c -o monitor.o       -DSPEC_CPU2000     -O3    monitor.c
gcc -c -o significance.o       -DSPEC_CPU2000     -O3    significance.c
gcc -c -o random.o       -DSPEC_CPU2000     -O3    random.c
gcc -c -o tether.o       -DSPEC_CPU2000     -O3    tether.c
gcc -c -o restrain.o       -DSPEC_CPU2000     -O3    restrain.c
gcc     -O3    ammp.o box.o eval.o analyze.o anonbon.o noel.o animate.o atoms.o bonds.o angle.o gsdg.o hybrid.o unonbon.o rectmm.o vnonbon.o tgroup.o tset.o tailor.o torsion.o optimist.o variable.o math.o mom.o monitor.o significance.o random.o tether.o restrain.o   -lm  -o ammp
