COMP: gcc -c -o options.o            -O3   
LINK: gcc     -O3       -lm  -o options
