running commands in compare.cmd 1 times
runs started at 1311548653, 151894000, Sun Jul 24 18:34:13 2011
run 1 started at 1311548653, 151989000, Sun Jul 24 18:34:13 2011
child started: 0, 1311548653, 152006000, 2699, '/home/gabriel/Escritorio/SPEC_CPU2000_CD_2/bin/specdiff -m -l 10  -a 0.0001  -r 0.003 /home/gabriel/Escritorio/SPEC_CPU2000_CD_2/benchspec/CFP2000/188.ammp/data/ref/output/ammp.out ammp.out'
child finished: 0, 1311548653, 209502000, 0, 57496000, 2699, 0
run 1 finished at: 1311548653, 209512000, Sun Jul 24 18:34:13 2011
run 1 elapsed time: 0, 57523000, 0.057523000
runs finished at 1311548653, 209555000, Sun Jul 24 18:34:13 2011
runs elapsed time: 0, 57661000, 0.057661000
